// Jest Snapshot v1, https://goo.gl/fbAQLP

exports[`Password form should renders password form correctly 1`] = `
<form
  className="MuiBox-root css-164r41r"
  id="passwordForm"
  noValidate={true}
  onSubmit={[Function]}
>
  <div
    className="MuiFormControl-root MuiFormControl-marginDense MuiFormControl-fullWidth MuiTextField-root css-1z10yd4-MuiFormControl-root-MuiTextField-root"
  >
    <label
      className="MuiFormLabel-root MuiInputLabel-root MuiInputLabel-formControl MuiInputLabel-animated MuiInputLabel-standard MuiFormLabel-colorPrimary Mui-required MuiInputLabel-root MuiInputLabel-formControl MuiInputLabel-animated MuiInputLabel-standard css-aqpgxn-MuiFormLabel-root-MuiInputLabel-root"
      data-shrink={false}
      htmlFor="oldPassword"
      id="oldPassword-label"
    >
      Old password
      <span
        aria-hidden={true}
        className="MuiFormLabel-asterisk MuiInputLabel-asterisk css-wgai2y-MuiFormLabel-asterisk"
      >
         
        *
      </span>
    </label>
    <div
      className="MuiInputBase-root MuiInput-root MuiInput-underline MuiInputBase-colorPrimary MuiInputBase-fullWidth MuiInputBase-formControl css-l4u8b9-MuiInputBase-root-MuiInput-root"
      onClick={[Function]}
    >
      <input
        aria-invalid={false}
        autoComplete="oldPassword"
        autoFocus={false}
        className="MuiInputBase-input MuiInput-input css-1x51dt5-MuiInputBase-input-MuiInput-input"
        disabled={false}
        id="oldPassword"
        name="oldPassword"
        onAnimationStart={[Function]}
        onBlur={[Function]}
        onChange={[Function]}
        onFocus={[Function]}
        required={true}
        type="password"
        value=""
      />
    </div>
  </div>
  <div
    className="MuiFormControl-root MuiFormControl-marginDense MuiFormControl-fullWidth MuiTextField-root css-1z10yd4-MuiFormControl-root-MuiTextField-root"
  >
    <label
      className="MuiFormLabel-root MuiInputLabel-root MuiInputLabel-formControl MuiInputLabel-animated MuiInputLabel-standard MuiFormLabel-colorPrimary Mui-required MuiInputLabel-root MuiInputLabel-formControl MuiInputLabel-animated MuiInputLabel-standard css-aqpgxn-MuiFormLabel-root-MuiInputLabel-root"
      data-shrink={false}
      htmlFor="newPassword"
      id="newPassword-label"
    >
      New password
      <span
        aria-hidden={true}
        className="MuiFormLabel-asterisk MuiInputLabel-asterisk css-wgai2y-MuiFormLabel-asterisk"
      >
         
        *
      </span>
    </label>
    <div
      className="MuiInputBase-root MuiInput-root MuiInput-underline MuiInputBase-colorPrimary MuiInputBase-fullWidth MuiInputBase-formControl css-l4u8b9-MuiInputBase-root-MuiInput-root"
      onClick={[Function]}
    >
      <input
        aria-invalid={false}
        autoComplete="newPassword"
        autoFocus={false}
        className="MuiInputBase-input MuiInput-input css-1x51dt5-MuiInputBase-input-MuiInput-input"
        disabled={false}
        id="newPassword"
        name="newPassword"
        onAnimationStart={[Function]}
        onBlur={[Function]}
        onChange={[Function]}
        onFocus={[Function]}
        required={true}
        type="password"
        value=""
      />
    </div>
  </div>
  <button
    className="MuiButtonBase-root MuiButton-root MuiButton-contained MuiButton-containedPrimary MuiButton-sizeMedium MuiButton-containedSizeMedium MuiButton-fullWidth MuiButton-root MuiButton-contained MuiButton-containedPrimary MuiButton-sizeMedium MuiButton-containedSizeMedium MuiButton-fullWidth css-1p8cus0-MuiButtonBase-root-MuiButton-root"
    disabled={false}
    onBlur={[Function]}
    onContextMenu={[Function]}
    onDragLeave={[Function]}
    onFocus={[Function]}
    onKeyDown={[Function]}
    onKeyUp={[Function]}
    onMouseDown={[Function]}
    onMouseLeave={[Function]}
    onMouseUp={[Function]}
    onTouchEnd={[Function]}
    onTouchMove={[Function]}
    onTouchStart={[Function]}
    tabIndex={0}
    type="submit"
  >
    Save Password
  </button>
</form>
`;
