// Jest Snapshot v1, https://goo.gl/fbAQLP

exports[`Profile form should renders profile form correctly 1`] = `
<form
  className="MuiBox-root css-164r41r"
  id="profileForm"
  noValidate={true}
  onSubmit={[Function]}
>
  <div
    className="MuiFormControl-root MuiFormControl-marginDense MuiFormControl-fullWidth MuiTextField-root css-1z10yd4-MuiFormControl-root-MuiTextField-root"
  >
    <label
      className="MuiFormLabel-root MuiInputLabel-root MuiInputLabel-formControl MuiInputLabel-animated MuiInputLabel-standard MuiFormLabel-colorPrimary Mui-disabled MuiInputLabel-root MuiInputLabel-formControl MuiInputLabel-animated MuiInputLabel-standard css-aqpgxn-MuiFormLabel-root-MuiInputLabel-root"
      data-shrink={false}
      htmlFor="first_name"
      id="first_name-label"
    >
      First name
    </label>
    <div
      className="MuiInputBase-root MuiInput-root MuiInput-underline MuiInputBase-colorPrimary Mui-disabled MuiInputBase-fullWidth MuiInputBase-formControl css-l4u8b9-MuiInputBase-root-MuiInput-root"
      onClick={[Function]}
    >
      <input
        aria-invalid={false}
        autoComplete="first_name"
        autoFocus={false}
        className="MuiInputBase-input MuiInput-input Mui-disabled css-1x51dt5-MuiInputBase-input-MuiInput-input"
        disabled={true}
        id="first_name"
        name="first_name"
        onAnimationStart={[Function]}
        onBlur={[Function]}
        onChange={[Function]}
        onFocus={[Function]}
        required={false}
        type="text"
        value=""
      />
    </div>
  </div>
  <div
    className="MuiFormControl-root MuiFormControl-marginDense MuiFormControl-fullWidth MuiTextField-root css-1z10yd4-MuiFormControl-root-MuiTextField-root"
  >
    <label
      className="MuiFormLabel-root MuiInputLabel-root MuiInputLabel-formControl MuiInputLabel-animated MuiInputLabel-standard MuiFormLabel-colorPrimary Mui-disabled MuiInputLabel-root MuiInputLabel-formControl MuiInputLabel-animated MuiInputLabel-standard css-aqpgxn-MuiFormLabel-root-MuiInputLabel-root"
      data-shrink={false}
      htmlFor="second_name"
      id="second_name-label"
    >
      Second name
    </label>
    <div
      className="MuiInputBase-root MuiInput-root MuiInput-underline MuiInputBase-colorPrimary Mui-disabled MuiInputBase-fullWidth MuiInputBase-formControl css-l4u8b9-MuiInputBase-root-MuiInput-root"
      onClick={[Function]}
    >
      <input
        aria-invalid={false}
        autoComplete="second_name"
        autoFocus={false}
        className="MuiInputBase-input MuiInput-input Mui-disabled css-1x51dt5-MuiInputBase-input-MuiInput-input"
        disabled={true}
        id="second_name"
        name="second_name"
        onAnimationStart={[Function]}
        onBlur={[Function]}
        onChange={[Function]}
        onFocus={[Function]}
        required={false}
        type="text"
        value=""
      />
    </div>
  </div>
  <div
    className="MuiFormControl-root MuiFormControl-marginDense MuiFormControl-fullWidth MuiTextField-root css-1z10yd4-MuiFormControl-root-MuiTextField-root"
  >
    <label
      className="MuiFormLabel-root MuiInputLabel-root MuiInputLabel-formControl MuiInputLabel-animated MuiInputLabel-standard MuiFormLabel-colorPrimary Mui-disabled Mui-required MuiInputLabel-root MuiInputLabel-formControl MuiInputLabel-animated MuiInputLabel-standard css-aqpgxn-MuiFormLabel-root-MuiInputLabel-root"
      data-shrink={false}
      htmlFor="display_name"
      id="display_name-label"
    >
      Nick name
      <span
        aria-hidden={true}
        className="MuiFormLabel-asterisk MuiInputLabel-asterisk css-wgai2y-MuiFormLabel-asterisk"
      >
         
        *
      </span>
    </label>
    <div
      className="MuiInputBase-root MuiInput-root MuiInput-underline MuiInputBase-colorPrimary Mui-disabled MuiInputBase-fullWidth MuiInputBase-formControl css-l4u8b9-MuiInputBase-root-MuiInput-root"
      onClick={[Function]}
    >
      <input
        aria-invalid={false}
        autoComplete="display_name"
        autoFocus={false}
        className="MuiInputBase-input MuiInput-input Mui-disabled css-1x51dt5-MuiInputBase-input-MuiInput-input"
        disabled={true}
        id="display_name"
        name="display_name"
        onAnimationStart={[Function]}
        onBlur={[Function]}
        onChange={[Function]}
        onFocus={[Function]}
        required={true}
        type="text"
        value=""
      />
    </div>
  </div>
  <div
    className="MuiFormControl-root MuiFormControl-marginDense MuiFormControl-fullWidth MuiTextField-root css-1z10yd4-MuiFormControl-root-MuiTextField-root"
  >
    <label
      className="MuiFormLabel-root MuiInputLabel-root MuiInputLabel-formControl MuiInputLabel-animated MuiInputLabel-standard MuiFormLabel-colorPrimary Mui-disabled Mui-required MuiInputLabel-root MuiInputLabel-formControl MuiInputLabel-animated MuiInputLabel-standard css-aqpgxn-MuiFormLabel-root-MuiInputLabel-root"
      data-shrink={false}
      htmlFor="login"
      id="login-label"
    >
      login
      <span
        aria-hidden={true}
        className="MuiFormLabel-asterisk MuiInputLabel-asterisk css-wgai2y-MuiFormLabel-asterisk"
      >
         
        *
      </span>
    </label>
    <div
      className="MuiInputBase-root MuiInput-root MuiInput-underline MuiInputBase-colorPrimary Mui-disabled MuiInputBase-fullWidth MuiInputBase-formControl css-l4u8b9-MuiInputBase-root-MuiInput-root"
      onClick={[Function]}
    >
      <input
        aria-invalid={false}
        autoComplete="login"
        autoFocus={false}
        className="MuiInputBase-input MuiInput-input Mui-disabled css-1x51dt5-MuiInputBase-input-MuiInput-input"
        disabled={true}
        id="login"
        name="login"
        onAnimationStart={[Function]}
        onBlur={[Function]}
        onChange={[Function]}
        onFocus={[Function]}
        required={true}
        type="text"
        value=""
      />
    </div>
  </div>
  <div
    className="MuiFormControl-root MuiFormControl-marginDense MuiFormControl-fullWidth MuiTextField-root css-1z10yd4-MuiFormControl-root-MuiTextField-root"
  >
    <label
      className="MuiFormLabel-root MuiInputLabel-root MuiInputLabel-formControl MuiInputLabel-animated MuiInputLabel-standard MuiFormLabel-colorPrimary Mui-disabled Mui-required MuiInputLabel-root MuiInputLabel-formControl MuiInputLabel-animated MuiInputLabel-standard css-aqpgxn-MuiFormLabel-root-MuiInputLabel-root"
      data-shrink={false}
      htmlFor="email"
      id="email-label"
    >
      Email Address
      <span
        aria-hidden={true}
        className="MuiFormLabel-asterisk MuiInputLabel-asterisk css-wgai2y-MuiFormLabel-asterisk"
      >
         
        *
      </span>
    </label>
    <div
      className="MuiInputBase-root MuiInput-root MuiInput-underline MuiInputBase-colorPrimary Mui-disabled MuiInputBase-fullWidth MuiInputBase-formControl css-l4u8b9-MuiInputBase-root-MuiInput-root"
      onClick={[Function]}
    >
      <input
        aria-invalid={false}
        autoComplete="email"
        autoFocus={false}
        className="MuiInputBase-input MuiInput-input Mui-disabled css-1x51dt5-MuiInputBase-input-MuiInput-input"
        disabled={true}
        id="email"
        name="email"
        onAnimationStart={[Function]}
        onBlur={[Function]}
        onChange={[Function]}
        onFocus={[Function]}
        required={true}
        type="text"
        value=""
      />
    </div>
  </div>
  <div
    className="MuiFormControl-root MuiFormControl-marginDense MuiFormControl-fullWidth MuiTextField-root css-1z10yd4-MuiFormControl-root-MuiTextField-root"
  >
    <label
      className="MuiFormLabel-root MuiInputLabel-root MuiInputLabel-formControl MuiInputLabel-animated MuiInputLabel-standard MuiFormLabel-colorPrimary Mui-disabled MuiInputLabel-root MuiInputLabel-formControl MuiInputLabel-animated MuiInputLabel-standard css-aqpgxn-MuiFormLabel-root-MuiInputLabel-root"
      data-shrink={false}
      htmlFor="phone"
      id="phone-label"
    >
      Phone
    </label>
    <div
      className="MuiInputBase-root MuiInput-root MuiInput-underline MuiInputBase-colorPrimary Mui-disabled MuiInputBase-fullWidth MuiInputBase-formControl css-l4u8b9-MuiInputBase-root-MuiInput-root"
      onClick={[Function]}
    >
      <input
        aria-invalid={false}
        autoComplete="phone"
        autoFocus={false}
        className="MuiInputBase-input MuiInput-input Mui-disabled css-1x51dt5-MuiInputBase-input-MuiInput-input"
        disabled={true}
        id="phone"
        name="phone"
        onAnimationStart={[Function]}
        onBlur={[Function]}
        onChange={[Function]}
        onFocus={[Function]}
        required={false}
        type="tel"
        value=""
      />
    </div>
  </div>
</form>
`;
