// Jest Snapshot v1, https://goo.gl/fbAQLP

exports[`ProfileAvatarDialog should renders profile correctly 1`] = `null`;
