// Jest Snapshot v1, https://goo.gl/fbAQLP

exports[`should renders App correctly 1`] = `
<div
  className="MuiBox-root css-ue6sde"
>
  <div
    className="MuiContainer-root MuiContainer-maxWidthMd css-xdmu94-MuiContainer-root"
  >
    <h1
      className="MuiTypography-root MuiTypography-h1 css-o2w69a-MuiTypography-root"
    >
      Error
    </h1>
    <h6
      className="MuiTypography-root MuiTypography-h6 css-2ulfj5-MuiTypography-root"
    >
      Oops, something went wrong
    </h6>
    <a
      className="MuiButtonBase-root MuiButton-root MuiButton-contained MuiButton-containedPrimary MuiButton-sizeMedium MuiButton-containedSizeMedium MuiButton-root MuiButton-contained MuiButton-containedPrimary MuiButton-sizeMedium MuiButton-containedSizeMedium css-19fqo1i-MuiButtonBase-root-MuiButton-root"
      href="#/"
      onBlur={[Function]}
      onClick={[Function]}
      onContextMenu={[Function]}
      onDragLeave={[Function]}
      onFocus={[Function]}
      onKeyDown={[Function]}
      onKeyUp={[Function]}
      onMouseDown={[Function]}
      onMouseLeave={[Function]}
      onMouseUp={[Function]}
      onTouchEnd={[Function]}
      onTouchMove={[Function]}
      onTouchStart={[Function]}
      tabIndex={0}
    >
      Back Home
    </a>
  </div>
</div>
`;
